// Jest Snapshot v1, https://goo.gl/fbAQLP

exports[`SizeInput renders correctly 1`] = `ShallowWrapper {}`;
